Using username "admin".
      operating system: CentOS 6.6
              hostname: sv1auth01qav.stsky.biz
        puppet version: 3.8.7
         puppet server: sv1pupp01dmv.stsky.biz
    puppet environment: qa
          manufacturer: VMware, Inc.
         management ip: 10.32.129.16
           internal ip: 192.168.64.16
  katello content view: qa/cosmo-centos-6-x86_64-comp-cv
katello activation key: qa-centos-6-cosmo-ak
Last login: Tue Nov  1 22:44:49 2022 from 10.8.130.34
[admin@sv1auth01qav ~]$ tail -f /cf/shorelinedata/Logs/authenticator-221101.192707.Log | grep "qaauth"
tail: cannot open `/cf/shorelinedata/Logs/authenticator-221101.192707.Log' for reading: No such file or directory
tail: no files remaining
[admin@sv1auth01qav ~]$ tail -f /cf/shorelinedata/Logs/authenticator-221102.000000.Log | grep "qaauth"
04:12:49.373 (31288:31288)      username: qaautht3@mitel.com
04:12:49.374 (31288: 4039) CSkyDBQueryImpl::DoQuery.SQLBindParameter(1), string "qaautht3@mitel.com"
04:12:49.464 (31288: 4039) QueryAuthValidator::ValidateUsernameAndPassword, un "qaautht3@mitel.com", pexp 0, valid 1
04:12:49.465 (31288: 4039) Sign: '{"authUri":"https://clientstart.sit.shoretel.com/userauth","keyId":1026,"algorithmId":2,"identity":{"username":"qaautht3@mitel.com","deployment":"cloud"},"created":"1667387569465","expiry":"1667391169465","renewBy":"1667391319465","serviceLocator":"https://ws.qa.shoretel.com/test-uc/location"}'
04:12:49.466 (31288: 4039) /userauth qaautht3@mitel.com: success
04:15:31.708 (31288:31288) request GetBody: {"token":"eyJhbGciOiJIUzI1NiIsInR5cCI6IkpXVCJ9.eyJzdWIiOiI5OTEwMDAwMDIvM2Y1ZGI3ODMtMjViMC00Y2MwLWExOWEtMWU1ZjIyMzU1MTQ0L2EyZjJlYTk5LTY1YzktNGQ0ZC1iYzdkLThhZTUxOTFhMzAzNiIsInNjb3BlIjoiYXNzdW1lZFJvbGU6QUNDT1VOVF9BRE1JTixwcm92aWRlckFjY291bnRJZDozZjVkYjc4My0yNWIwLTRjYzAtYTE5YS0xZTVmMjIzNTUxNDQsdmVyOjIsdHlwZTp1c2VyLGF1dGhQcm92aWRlcjpjb25uZWN0IiwiYXVkIjoiaHR0cHM6Ly9taXRlbC5pby9hdXRoL2Nvbm5lY3QtY2xpZW50IiwiaXNzIjoiaHR0cHM6Ly9hdXRoZW50aWNhdGlvbi51cy1lYXN0LTEudXMuZGV2LmFwaS5taXRlbC5pby9jb25uZWN0IiwiaWF0IjoxNjY3Mzc0MzUxLCJleHAiOjE2Njg2NzAzNTF9.Fu9Rnq4kuKjvf1l1G5ROxI68Wd3XR-l1q0gss7DI8qk","username":"qaautht3@mitel.com","id":"a2f2ea99-65c9-4d4d-bc7d-8ae5191a3036","expiry":"3600"}
04:15:31.708 (31288:31288)      username: qaautht3@mitel.com
04:15:32.153 (31288: 4039) <<<CHttpRequestSenderImpl::RequestHelper - success, content "{"extension":"1204","loginId":"qaautht3@mitel.com","iss":"https://authentication.us-east-1.us.dev.api.mitel.io/connect","mobileVerified":"false","principalId":"a2f2ea99-65c9-4d4d-bc7d-8ae5191a3036","integrationLatency":0,"type":"user","authProvider":"connect","extensionVerified":"true","sipAddress":"a2f2ea99-65c9-4d4d-bc7d-8ae5191a3036@3f5db783-25b0-4cc0-a19a-1e5f22355144.us.dev.api.mitel.io","assumedRole":"ACCOUNT_ADMIN","exp":"1668670351","iat":"1667374351","email":"qaautht3@mitel.com","phoneVerified":"true","userId":"a2f2ea99-65c9-4d4d-bc7d-8ae5191a3036","uniqueUserId":"a2f2ea99-65c9-4d4d-bc7d-8ae5191a3036","accountId":"3f5db783-25b0-4cc0-a19a-1e5f22355144","aud":"https://mitel.io/auth/connect-client","emailVerified":"false","phone":"+14082011204","providerAccountId":"3f5db783-25b0-4cc0-a19a-1e5f22355144","domain":"3f5db783-25b0-4cc0-a19a-1e5f22355144.us.dev.api.mitel.io","name":"qa auth test user3","siteId":"58c4c6d6-a0ab-439e-bda4-f31f8c0653ce","partnerId":"991000002","sub":"a2f2ea99-65c9-4d4d-bc7d-8ae5191a3036","given_name":"qa auth test","family_name":"user3"}"
04:15:32.153 (31288: 4039) <<<CHttpRequestSenderImpl::MakeRequest, rsp "{"extension":"1204","loginId":"qaautht3@mitel.com","iss":"https://authentication.us-east-1.us.dev.api.mitel.io/connect","mobileVerified":"false","principalId":"a2f2ea99-65c9-4d4d-bc7d-8ae5191a3036","integrationLatency":0,"type":"user","authProvider":"connect","extensionVerified":"true","sipAddress":"a2f2ea99-65c9-4d4d-bc7d-8ae5191a3036@3f5db783-25b0-4cc0-a19a-1e5f22355144.us.dev.api.mitel.io","assumedRole":"ACCOUNT_ADMIN","exp":"1668670351","iat":"1667374351","email":"qaautht3@mitel.com","phoneVerified":"true","userId":"a2f2ea99-65c9-4d4d-bc7d-8ae5191a3036","uniqueUserId":"a2f2ea99-65c9-4d4d-bc7d-8ae5191a3036","accountId":"3f5db783-25b0-4cc0-a19a-1e5f22355144","aud":"https://mitel.io/auth/connect-client","emailVerified":"false","phone":"+14082011204","providerAccountId":"3f5db783-25b0-4cc0-a19a-1e5f22355144","domain":"3f5db783-25b0-4cc0-a19a-1e5f22355144.us.dev.api.mitel.io","name":"qa auth test user3","siteId":"58c4c6d6-a0ab-439e-bda4-f31f8c0653ce","partnerId":"991000002","sub":"a2f2ea99-65c9-4d4d-bc7d-8ae5191a3036","given_name":"qa auth test","family_name":"user3"}", status 200, extstatus 0
04:15:32.153 (31288: 4039) CSkyDBQueryImpl::DoQuery.SQLBindParameter(1), string "qaautht3@mitel.com"
04:15:32.174 (31288: 4039) Sign: '{"authUri":"https://clientstart.sit.shoretel.com/cloudlinkauth","keyId":1026,"algorithmId":2,"identity":{"username":"qaautht3@mitel.com","deployment":"cloud"},"created":"1667387732174","expiry":"1667391332174","renewBy":"1667391482174","credentialExpiry":0,"serviceLocator":"https://ws.qa.shoretel.com/test-uc/location"}'
04:15:32.176 (31288: 4039) /cloudlinkauth qaautht3@mitel.com: success
^C
[admin@sv1auth01qav ~]$
[admin@sv1auth01qav ~]$
[admin@sv1auth01qav ~]$
[admin@sv1auth01qav ~]$
[admin@sv1auth01qav ~]$
[admin@sv1auth01qav ~]$
[admin@sv1auth01qav ~]$ svccli getsvcstatus

- Services -
Name                Group   Rank Root Pri Ena State     PID    Retries Max Secs Exe
SkyAuthenticator    app     4    No    10 Yes READY     31288  0       50  60   /shoretel/bin/scgi_auth_sky
SkyBootstrapper     app     4    No    10 Yes READY     31290  0       50  60   /shoretel/bin/scgi_boot_sky
[admin@sv1auth01qav ~]$
[admin@sv1auth01qav ~]$
[admin@sv1auth01qav ~]$
[admin@sv1auth01qav ~]$ tail -f /cf/shorelinedata/Logs/authenticator-221102.000000.Log | grep "qaauth"
04:32:45.213 (31288: 4039) CSkyDBQueryImpl::DoQuery.SQLBindParameter(1), string "qaautht3@mitel.com"
04:32:45.222 (31288: 4039) Sign: '{"authUri":"https://clientstart.sit.shoretel.com/cloudlinkauth","keyId":1026,"algorithmId":2,"identity":{"username":"qaautht3@mitel.com","deployment":"cloud"},"created":"1667388765222","expiry":"1667392365222","renewBy":"1667392515222","credentialExpiry":0,"serviceLocator":"https://ws.qa.shoretel.com/test-uc/location"}'
04:32:45.224 (31288: 4039) /cloudlinkauth qaautht3@mitel.com: success
04:49:12.227 (31288:31288)      username: qaautht3@mitel.com
04:49:12.227 (31288: 4039) CSkyDBQueryImpl::DoQuery.SQLBindParameter(1), string "qaautht3@mitel.com"
04:49:12.320 (31288: 4039) QueryAuthValidator::ValidateUsernameAndPassword, un "qaautht3@mitel.com", pexp 0, valid 1
04:49:12.321 (31288: 4039) Sign: '{"authUri":"https://clientstart.sit.shoretel.com/userauth","keyId":1026,"algorithmId":2,"identity":{"username":"qaautht3@mitel.com","deployment":"cloud"},"created":"1667389752321","expiry":"1667393352321","renewBy":"1667393502321","serviceLocator":"https://ws.qa.shoretel.com/test-uc/location"}'
04:49:12.322 (31288: 4039) /userauth qaautht3@mitel.com: success
04:49:28.520 (31288:31288) request GetBody: {"token":"eyJhbGciOiJIUzI1NiIsInR5cCI6IkpXVCJ9.eyJzdWIiOiI5OTEwMDAwMDIvM2Y1ZGI3ODMtMjViMC00Y2MwLWExOWEtMWU1ZjIyMzU1MTQ0L2EyZjJlYTk5LTY1YzktNGQ0ZC1iYzdkLThhZTUxOTFhMzAzNiIsInNjb3BlIjoiYXNzdW1lZFJvbGU6QUNDT1VOVF9BRE1JTixwcm92aWRlckFjY291bnRJZDozZjVkYjc4My0yNWIwLTRjYzAtYTE5YS0xZTVmMjIzNTUxNDQsdmVyOjIsdHlwZTp1c2VyLGF1dGhQcm92aWRlcjpjb25uZWN0IiwiYXVkIjoiaHR0cHM6Ly9taXRlbC5pby9hdXRoL2Nvbm5lY3QtY2xpZW50IiwiaXNzIjoiaHR0cHM6Ly9hdXRoZW50aWNhdGlvbi51cy1lYXN0LTEudXMuZGV2LmFwaS5taXRlbC5pby9jb25uZWN0IiwiaWF0IjoxNjY3Mzg5NzUzLCJleHAiOjE2Njg2ODU3NTN9.bAbzy895JhNNKfawdCrc3q2bXU7Fb1IPaGaKuKy5YUA","username":"qaautht3@mitel.com","id":"a2f2ea99-65c9-4d4d-bc7d-8ae5191a3036","expiry":"3600"}
04:49:28.520 (31288:31288)      username: qaautht3@mitel.com
04:49:28.852 (31288: 4039) <<<CHttpRequestSenderImpl::RequestHelper - success, content "{"extension":"1204","loginId":"qaautht3@mitel.com","iss":"https://authentication.us-east-1.us.dev.api.mitel.io/connect","mobileVerified":"false","principalId":"a2f2ea99-65c9-4d4d-bc7d-8ae5191a3036","integrationLatency":0,"type":"user","authProvider":"connect","extensionVerified":"true","sipAddress":"a2f2ea99-65c9-4d4d-bc7d-8ae5191a3036@3f5db783-25b0-4cc0-a19a-1e5f22355144.us.dev.api.mitel.io","assumedRole":"ACCOUNT_ADMIN","exp":"1668685753","iat":"1667389753","email":"qaautht3@mitel.com","phoneVerified":"true","userId":"a2f2ea99-65c9-4d4d-bc7d-8ae5191a3036","uniqueUserId":"a2f2ea99-65c9-4d4d-bc7d-8ae5191a3036","accountId":"3f5db783-25b0-4cc0-a19a-1e5f22355144","aud":"https://mitel.io/auth/connect-client","emailVerified":"false","phone":"+14082011204","providerAccountId":"3f5db783-25b0-4cc0-a19a-1e5f22355144","domain":"3f5db783-25b0-4cc0-a19a-1e5f22355144.us.dev.api.mitel.io","name":"qa auth test user3","siteId":"58c4c6d6-a0ab-439e-bda4-f31f8c0653ce","partnerId":"991000002","sub":"a2f2ea99-65c9-4d4d-bc7d-8ae5191a3036","given_name":"qa auth test","family_name":"user3"}"
04:49:28.853 (31288: 4039) <<<CHttpRequestSenderImpl::MakeRequest, rsp "{"extension":"1204","loginId":"qaautht3@mitel.com","iss":"https://authentication.us-east-1.us.dev.api.mitel.io/connect","mobileVerified":"false","principalId":"a2f2ea99-65c9-4d4d-bc7d-8ae5191a3036","integrationLatency":0,"type":"user","authProvider":"connect","extensionVerified":"true","sipAddress":"a2f2ea99-65c9-4d4d-bc7d-8ae5191a3036@3f5db783-25b0-4cc0-a19a-1e5f22355144.us.dev.api.mitel.io","assumedRole":"ACCOUNT_ADMIN","exp":"1668685753","iat":"1667389753","email":"qaautht3@mitel.com","phoneVerified":"true","userId":"a2f2ea99-65c9-4d4d-bc7d-8ae5191a3036","uniqueUserId":"a2f2ea99-65c9-4d4d-bc7d-8ae5191a3036","accountId":"3f5db783-25b0-4cc0-a19a-1e5f22355144","aud":"https://mitel.io/auth/connect-client","emailVerified":"false","phone":"+14082011204","providerAccountId":"3f5db783-25b0-4cc0-a19a-1e5f22355144","domain":"3f5db783-25b0-4cc0-a19a-1e5f22355144.us.dev.api.mitel.io","name":"qa auth test user3","siteId":"58c4c6d6-a0ab-439e-bda4-f31f8c0653ce","partnerId":"991000002","sub":"a2f2ea99-65c9-4d4d-bc7d-8ae5191a3036","given_name":"qa auth test","family_name":"user3"}", status 200, extstatus 0
04:49:28.853 (31288: 4039) CSkyDBQueryImpl::DoQuery.SQLBindParameter(1), string "qaautht3@mitel.com"
04:49:28.886 (31288: 4039) Sign: '{"authUri":"https://clientstart.sit.shoretel.com/cloudlinkauth","keyId":1026,"algorithmId":2,"identity":{"username":"qaautht3@mitel.com","deployment":"cloud"},"created":"1667389768886","expiry":"1667393368886","renewBy":"1667393518886","credentialExpiry":0,"serviceLocator":"https://ws.qa.shoretel.com/test-uc/location"}'
04:49:28.899 (31288: 4039) /cloudlinkauth qaautht3@mitel.com: success
05:19:20.031 (31288: 4039) CSkyDBQueryImpl::DoQuery.SQLBindParameter(1), string "qaautht3@mitel.com"
05:19:20.042 (31288: 4039) Payload: 294 {"authUri":"https://clientstart.sit.shoretel.com/userauth","keyId":1026,"algorithmId":2,"identity":{"username":"qaautht3@mitel.com","deployment":"cloud"},"created":"1667389752321","expiry":"1667393352321","renewBy":"1667393502321","serviceLocator":"https://ws.qa.shoretel.com/test-uc/location"}
05:19:20.042 (31288: 4039) Sign: '{"authUri":"https://clientstart.sit.shoretel.com/renew","keyId":1026,"algorithmId":2,"identity":{"username":"qaautht3@mitel.com","deployment":"cloud"},"created":"1667391560042","expiry":"1667650760042","renewBy":"1667650910042","serviceLocator":"https://ws.qa.shoretel.com/test-uc/location"}'
05:19:20.044 (31288: 4039) /renew qaautht3@mitel.com: success
05:19:20.045 (31288: 4039) CSkyDBQueryImpl::DoQuery.SQLBindParameter(1), string "qaautht3@mitel.com"
05:19:20.051 (31288: 4039) Payload: 294 {"authUri":"https://clientstart.sit.shoretel.com/userauth","keyId":1026,"algorithmId":2,"identity":{"username":"qaautht3@mitel.com","deployment":"cloud"},"created":"1667389752321","expiry":"1667393352321","renewBy":"1667393502321","serviceLocator":"https://ws.qa.shoretel.com/test-uc/location"}
05:19:20.051 (31288: 4039) Sign: '{"authUri":"https://clientstart.sit.shoretel.com/renew","keyId":1026,"algorithmId":2,"identity":{"username":"qaautht3@mitel.com","deployment":"cloud"},"created":"1667391560051","expiry":"1667650760051","renewBy":"1667650910051","serviceLocator":"https://ws.qa.shoretel.com/test-uc/location"}'
05:19:20.053 (31288: 4039) /renew qaautht3@mitel.com: success
05:19:34.463 (31288: 4039) CSkyDBQueryImpl::DoQuery.SQLBindParameter(1), string "qaautht3@mitel.com"
05:19:34.471 (31288: 4039) Payload: 294 {"authUri":"https://clientstart.sit.shoretel.com/userauth","keyId":1026,"algorithmId":2,"identity":{"username":"qaautht3@mitel.com","deployment":"cloud"},"created":"1667389752321","expiry":"1667393352321","renewBy":"1667393502321","serviceLocator":"https://ws.qa.shoretel.com/test-uc/location"}
05:19:34.471 (31288: 4039) Sign: '{"authUri":"https://clientstart.sit.shoretel.com/renew","keyId":1026,"algorithmId":2,"identity":{"username":"qaautht3@mitel.com","deployment":"cloud"},"created":"1667391574471","expiry":"1667650774471","renewBy":"1667650924471","serviceLocator":"https://ws.qa.shoretel.com/test-uc/location"}'
05:19:34.473 (31288: 4039) /renew qaautht3@mitel.com: success
^C
[admin@sv1auth01qav ~]$ tail -f /cf/shorelinedata/Logs/authenticator-221102.000000.Log | grep "qaauth"
05:34:17.416 (31288:31288) request GetBody: {"token":"eyJhbGciOiJIUzI1NiIsInR5cCI6IkpXVCJ9.eyJzdWIiOiI5OTEwMDAwMDIvM2Y1ZGI3ODMtMjViMC00Y2MwLWExOWEtMWU1ZjIyMzU1MTQ0L2EyZjJlYTk5LTY1YzktNGQ0ZC1iYzdkLThhZTUxOTFhMzAzNiIsInNjb3BlIjoiYXNzdW1lZFJvbGU6QUNDT1VOVF9BRE1JTixwcm92aWRlckFjY291bnRJZDozZjVkYjc4My0yNWIwLTRjYzAtYTE5YS0xZTVmMjIzNTUxNDQsdmVyOjIsdHlwZTp1c2VyLGF1dGhQcm92aWRlcjpjb25uZWN0IiwiYXVkIjoiaHR0cHM6Ly9taXRlbC5pby9hdXRoL2Nvbm5lY3QtY2xpZW50IiwiaXNzIjoiaHR0cHM6Ly9hdXRoZW50aWNhdGlvbi51cy1lYXN0LTEudXMuZGV2LmFwaS5taXRlbC5pby9jb25uZWN0IiwiaWF0IjoxNjY3Mzg5NzUzLCJleHAiOjE2Njg2ODU3NTN9.bAbzy895JhNNKfawdCrc3q2bXU7Fb1IPaGaKuKy5YUA","username":"qaautht3@mitel.com","id":"a2f2ea99-65c9-4d4d-bc7d-8ae5191a3036","expiry":"3600"}
05:34:17.416 (31288:31288)      username: qaautht3@mitel.com
05:34:17.763 (31288: 4039) <<<CHttpRequestSenderImpl::RequestHelper - success, content "{"extension":"1204","loginId":"qaautht3@mitel.com","iss":"https://authentication.us-east-1.us.dev.api.mitel.io/connect","mobileVerified":"false","principalId":"a2f2ea99-65c9-4d4d-bc7d-8ae5191a3036","integrationLatency":41,"type":"user","authProvider":"connect","extensionVerified":"true","sipAddress":"a2f2ea99-65c9-4d4d-bc7d-8ae5191a3036@3f5db783-25b0-4cc0-a19a-1e5f22355144.us.dev.api.mitel.io","assumedRole":"ACCOUNT_ADMIN","exp":"1668685753","iat":"1667389753","email":"qaautht3@mitel.com","phoneVerified":"true","userId":"a2f2ea99-65c9-4d4d-bc7d-8ae5191a3036","uniqueUserId":"a2f2ea99-65c9-4d4d-bc7d-8ae5191a3036","accountId":"3f5db783-25b0-4cc0-a19a-1e5f22355144","aud":"https://mitel.io/auth/connect-client","emailVerified":"false","phone":"+14082011204","providerAccountId":"3f5db783-25b0-4cc0-a19a-1e5f22355144","domain":"3f5db783-25b0-4cc0-a19a-1e5f22355144.us.dev.api.mitel.io","name":"qa auth test user3","siteId":"58c4c6d6-a0ab-439e-bda4-f31f8c0653ce","partnerId":"991000002","sub":"a2f2ea99-65c9-4d4d-bc7d-8ae5191a3036","given_name":"qa auth test","family_name":"user3"}"
05:34:17.764 (31288: 4039) <<<CHttpRequestSenderImpl::MakeRequest, rsp "{"extension":"1204","loginId":"qaautht3@mitel.com","iss":"https://authentication.us-east-1.us.dev.api.mitel.io/connect","mobileVerified":"false","principalId":"a2f2ea99-65c9-4d4d-bc7d-8ae5191a3036","integrationLatency":41,"type":"user","authProvider":"connect","extensionVerified":"true","sipAddress":"a2f2ea99-65c9-4d4d-bc7d-8ae5191a3036@3f5db783-25b0-4cc0-a19a-1e5f22355144.us.dev.api.mitel.io","assumedRole":"ACCOUNT_ADMIN","exp":"1668685753","iat":"1667389753","email":"qaautht3@mitel.com","phoneVerified":"true","userId":"a2f2ea99-65c9-4d4d-bc7d-8ae5191a3036","uniqueUserId":"a2f2ea99-65c9-4d4d-bc7d-8ae5191a3036","accountId":"3f5db783-25b0-4cc0-a19a-1e5f22355144","aud":"https://mitel.io/auth/connect-client","emailVerified":"false","phone":"+14082011204","providerAccountId":"3f5db783-25b0-4cc0-a19a-1e5f22355144","domain":"3f5db783-25b0-4cc0-a19a-1e5f22355144.us.dev.api.mitel.io","name":"qa auth test user3","siteId":"58c4c6d6-a0ab-439e-bda4-f31f8c0653ce","partnerId":"991000002","sub":"a2f2ea99-65c9-4d4d-bc7d-8ae5191a3036","given_name":"qa auth test","family_name":"user3"}", status 200, extstatus 0
05:34:17.764 (31288: 4039) CSkyDBQueryImpl::DoQuery.SQLBindParameter(1), string "qaautht3@mitel.com"
05:34:17.771 (31288: 4039) Sign: '{"authUri":"https://clientstart.sit.shoretel.com/cloudlinkauth","keyId":1026,"algorithmId":2,"identity":{"username":"qaautht3@mitel.com","deployment":"cloud"},"created":"1667392457771","expiry":"1667396057771","renewBy":"1667396207771","credentialExpiry":0,"serviceLocator":"https://ws.qa.shoretel.com/test-uc/location"}'
05:34:17.773 (31288: 4039) /cloudlinkauth qaautht3@mitel.com: success
05:34:33.811 (31288:31288) request GetBody: {"token":"eyJhbGciOiJIUzI1NiIsInR5cCI6IkpXVCJ9.eyJzdWIiOiI5OTEwMDAwMDIvM2Y1ZGI3ODMtMjViMC00Y2MwLWExOWEtMWU1ZjIyMzU1MTQ0L2EyZjJlYTk5LTY1YzktNGQ0ZC1iYzdkLThhZTUxOTFhMzAzNiIsInNjb3BlIjoiYXNzdW1lZFJvbGU6QUNDT1VOVF9BRE1JTixwcm92aWRlckFjY291bnRJZDozZjVkYjc4My0yNWIwLTRjYzAtYTE5YS0xZTVmMjIzNTUxNDQsdmVyOjIsdHlwZTp1c2VyLGF1dGhQcm92aWRlcjpjb25uZWN0IiwiYXVkIjoiaHR0cHM6Ly9taXRlbC5pby9hdXRoL2Nvbm5lY3QtY2xpZW50IiwiaXNzIjoiaHR0cHM6Ly9hdXRoZW50aWNhdGlvbi51cy1lYXN0LTEudXMuZGV2LmFwaS5taXRlbC5pby9jb25uZWN0IiwiaWF0IjoxNjY3MzkyNDU2LCJleHAiOjE2Njg2ODg0NTZ9.26EVYbWEGRfSB1xJklAl2mDE690vL2f_KQKljWRTGLI","username":"qaautht3@mitel.com","id":"a2f2ea99-65c9-4d4d-bc7d-8ae5191a3036","expiry":"3600"}
05:34:33.811 (31288:31288)      username: qaautht3@mitel.com
05:34:34.116 (31288: 4039) <<<CHttpRequestSenderImpl::RequestHelper - success, content "{"extension":"1204","loginId":"qaautht3@mitel.com","iss":"https://authentication.us-east-1.us.dev.api.mitel.io/connect","mobileVerified":"false","principalId":"a2f2ea99-65c9-4d4d-bc7d-8ae5191a3036","integrationLatency":0,"type":"user","authProvider":"connect","extensionVerified":"true","sipAddress":"a2f2ea99-65c9-4d4d-bc7d-8ae5191a3036@3f5db783-25b0-4cc0-a19a-1e5f22355144.us.dev.api.mitel.io","assumedRole":"ACCOUNT_ADMIN","exp":"1668688456","iat":"1667392456","email":"qaautht3@mitel.com","phoneVerified":"true","userId":"a2f2ea99-65c9-4d4d-bc7d-8ae5191a3036","uniqueUserId":"a2f2ea99-65c9-4d4d-bc7d-8ae5191a3036","accountId":"3f5db783-25b0-4cc0-a19a-1e5f22355144","aud":"https://mitel.io/auth/connect-client","emailVerified":"false","phone":"+14082011204","providerAccountId":"3f5db783-25b0-4cc0-a19a-1e5f22355144","domain":"3f5db783-25b0-4cc0-a19a-1e5f22355144.us.dev.api.mitel.io","name":"qa auth test user3","siteId":"58c4c6d6-a0ab-439e-bda4-f31f8c0653ce","partnerId":"991000002","sub":"a2f2ea99-65c9-4d4d-bc7d-8ae5191a3036","given_name":"qa auth test","family_name":"user3"}"
05:34:34.116 (31288: 4039) <<<CHttpRequestSenderImpl::MakeRequest, rsp "{"extension":"1204","loginId":"qaautht3@mitel.com","iss":"https://authentication.us-east-1.us.dev.api.mitel.io/connect","mobileVerified":"false","principalId":"a2f2ea99-65c9-4d4d-bc7d-8ae5191a3036","integrationLatency":0,"type":"user","authProvider":"connect","extensionVerified":"true","sipAddress":"a2f2ea99-65c9-4d4d-bc7d-8ae5191a3036@3f5db783-25b0-4cc0-a19a-1e5f22355144.us.dev.api.mitel.io","assumedRole":"ACCOUNT_ADMIN","exp":"1668688456","iat":"1667392456","email":"qaautht3@mitel.com","phoneVerified":"true","userId":"a2f2ea99-65c9-4d4d-bc7d-8ae5191a3036","uniqueUserId":"a2f2ea99-65c9-4d4d-bc7d-8ae5191a3036","accountId":"3f5db783-25b0-4cc0-a19a-1e5f22355144","aud":"https://mitel.io/auth/connect-client","emailVerified":"false","phone":"+14082011204","providerAccountId":"3f5db783-25b0-4cc0-a19a-1e5f22355144","domain":"3f5db783-25b0-4cc0-a19a-1e5f22355144.us.dev.api.mitel.io","name":"qa auth test user3","siteId":"58c4c6d6-a0ab-439e-bda4-f31f8c0653ce","partnerId":"991000002","sub":"a2f2ea99-65c9-4d4d-bc7d-8ae5191a3036","given_name":"qa auth test","family_name":"user3"}", status 200, extstatus 0
05:34:34.116 (31288: 4039) CSkyDBQueryImpl::DoQuery.SQLBindParameter(1), string "qaautht3@mitel.com"
05:34:34.125 (31288: 4039) Sign: '{"authUri":"https://clientstart.sit.shoretel.com/cloudlinkauth","keyId":1026,"algorithmId":2,"identity":{"username":"qaautht3@mitel.com","deployment":"cloud"},"created":"1667392474125","expiry":"1667396074125","renewBy":"1667396224125","credentialExpiry":0,"serviceLocator":"https://ws.qa.shoretel.com/test-uc/location"}'
05:34:34.126 (31288: 4039) /cloudlinkauth qaautht3@mitel.com: success
05:38:14.242 (31288:31288)      username: qaautht3@mitel.com
05:38:14.333 (31288: 4039) CSkyDBQueryImpl::DoQuery.SQLBindParameter(1), string "qaautht3@mitel.com"
05:38:14.376 (31288: 4039) CSkyDBQueryImpl::DoQuery.SQLBindParameter(1), string "qaautht3@mitel.com"
05:38:14.385 (31288: 4039) CSkyDBQueryImpl::DoQuery.SQLBindParameter(1), string "qaautht3@mitel.com"
05:38:36.457 (31288:31288) request GetBody: {"token":"eyJhbGciOiJIUzI1NiIsInR5cCI6IkpXVCJ9.eyJzdWIiOiI5OTEwMDAwMDIvM2Y1ZGI3ODMtMjViMC00Y2MwLWExOWEtMWU1ZjIyMzU1MTQ0L2EyZjJlYTk5LTY1YzktNGQ0ZC1iYzdkLThhZTUxOTFhMzAzNiIsInNjb3BlIjoiYXNzdW1lZFJvbGU6QUNDT1VOVF9BRE1JTixwcm92aWRlckFjY291bnRJZDozZjVkYjc4My0yNWIwLTRjYzAtYTE5YS0xZTVmMjIzNTUxNDQsdmVyOjIsdHlwZTp1c2VyLGF1dGhQcm92aWRlcjpjb25uZWN0IiwiYXVkIjoiaHR0cHM6Ly9taXRlbC5pby9hdXRoL2Nvbm5lY3QtY2xpZW50IiwiaXNzIjoiaHR0cHM6Ly9hdXRoZW50aWNhdGlvbi51cy1lYXN0LTEudXMuZGV2LmFwaS5taXRlbC5pby9jb25uZWN0IiwiaWF0IjoxNjY3MzkyNDU2LCJleHAiOjE2Njg2ODg0NTZ9.26EVYbWEGRfSB1xJklAl2mDE690vL2f_KQKljWRTGLI","username":"qaautht3@mitel.com","id":"a2f2ea99-65c9-4d4d-bc7d-8ae5191a3036","expiry":"3600"}
05:38:36.457 (31288:31288)      username: qaautht3@mitel.com
05:38:36.778 (31288: 4039) <<<CHttpRequestSenderImpl::RequestHelper - success, content "{"extension":"1204","loginId":"qaautht3@mitel.com","iss":"https://authentication.us-east-1.us.dev.api.mitel.io/connect","mobileVerified":"false","principalId":"a2f2ea99-65c9-4d4d-bc7d-8ae5191a3036","integrationLatency":0,"type":"user","authProvider":"connect","extensionVerified":"true","sipAddress":"a2f2ea99-65c9-4d4d-bc7d-8ae5191a3036@3f5db783-25b0-4cc0-a19a-1e5f22355144.us.dev.api.mitel.io","assumedRole":"ACCOUNT_ADMIN","exp":"1668688456","iat":"1667392456","email":"qaautht3@mitel.com","phoneVerified":"true","userId":"a2f2ea99-65c9-4d4d-bc7d-8ae5191a3036","uniqueUserId":"a2f2ea99-65c9-4d4d-bc7d-8ae5191a3036","accountId":"3f5db783-25b0-4cc0-a19a-1e5f22355144","aud":"https://mitel.io/auth/connect-client","emailVerified":"false","phone":"+14082011204","providerAccountId":"3f5db783-25b0-4cc0-a19a-1e5f22355144","domain":"3f5db783-25b0-4cc0-a19a-1e5f22355144.us.dev.api.mitel.io","name":"qa auth test user3","siteId":"58c4c6d6-a0ab-439e-bda4-f31f8c0653ce","partnerId":"991000002","sub":"a2f2ea99-65c9-4d4d-bc7d-8ae5191a3036","given_name":"qa auth test","family_name":"user3"}"
05:38:36.779 (31288: 4039) <<<CHttpRequestSenderImpl::MakeRequest, rsp "{"extension":"1204","loginId":"qaautht3@mitel.com","iss":"https://authentication.us-east-1.us.dev.api.mitel.io/connect","mobileVerified":"false","principalId":"a2f2ea99-65c9-4d4d-bc7d-8ae5191a3036","integrationLatency":0,"type":"user","authProvider":"connect","extensionVerified":"true","sipAddress":"a2f2ea99-65c9-4d4d-bc7d-8ae5191a3036@3f5db783-25b0-4cc0-a19a-1e5f22355144.us.dev.api.mitel.io","assumedRole":"ACCOUNT_ADMIN","exp":"1668688456","iat":"1667392456","email":"qaautht3@mitel.com","phoneVerified":"true","userId":"a2f2ea99-65c9-4d4d-bc7d-8ae5191a3036","uniqueUserId":"a2f2ea99-65c9-4d4d-bc7d-8ae5191a3036","accountId":"3f5db783-25b0-4cc0-a19a-1e5f22355144","aud":"https://mitel.io/auth/connect-client","emailVerified":"false","phone":"+14082011204","providerAccountId":"3f5db783-25b0-4cc0-a19a-1e5f22355144","domain":"3f5db783-25b0-4cc0-a19a-1e5f22355144.us.dev.api.mitel.io","name":"qa auth test user3","siteId":"58c4c6d6-a0ab-439e-bda4-f31f8c0653ce","partnerId":"991000002","sub":"a2f2ea99-65c9-4d4d-bc7d-8ae5191a3036","given_name":"qa auth test","family_name":"user3"}", status 200, extstatus 0
05:38:36.779 (31288: 4039) CSkyDBQueryImpl::DoQuery.SQLBindParameter(1), string "qaautht3@mitel.com"
05:39:32.375 (31288:31288)      username: qaautht3@mitel.com
05:39:32.376 (31288: 4039) CSkyDBQueryImpl::DoQuery.SQLBindParameter(1), string "qaautht3@mitel.com"
05:39:32.468 (31288: 4039) QueryAuthValidator::ValidateUsernameAndPassword, un "qaautht3@mitel.com", pexp 0, valid 1
05:39:32.469 (31288: 4039) Sign: '{"authUri":"https://clientstart.sit.shoretel.com/userauth","keyId":1026,"algorithmId":2,"identity":{"username":"qaautht3@mitel.com","deployment":"cloud"},"created":"1667392772469","expiry":"1667396372469","renewBy":"1667396522469","serviceLocator":"https://ws.qa.shoretel.com/test-uc/location"}'
05:39:32.470 (31288: 4039) /userauth qaautht3@mitel.com: success
05:39:43.228 (31288:31288) request GetBody: {"token":"eyJhbGciOiJIUzI1NiIsInR5cCI6IkpXVCJ9.eyJzdWIiOiI5OTEwMDAwMDIvM2Y1ZGI3ODMtMjViMC00Y2MwLWExOWEtMWU1ZjIyMzU1MTQ0L2EyZjJlYTk5LTY1YzktNGQ0ZC1iYzdkLThhZTUxOTFhMzAzNiIsInNjb3BlIjoiYXNzdW1lZFJvbGU6QUNDT1VOVF9BRE1JTixwcm92aWRlckFjY291bnRJZDozZjVkYjc4My0yNWIwLTRjYzAtYTE5YS0xZTVmMjIzNTUxNDQsdmVyOjIsdHlwZTp1c2VyLGF1dGhQcm92aWRlcjpjb25uZWN0IiwiYXVkIjoiaHR0cHM6Ly9taXRlbC5pby9hdXRoL2Nvbm5lY3QtY2xpZW50IiwiaXNzIjoiaHR0cHM6Ly9hdXRoZW50aWNhdGlvbi51cy1lYXN0LTEudXMuZGV2LmFwaS5taXRlbC5pby9jb25uZWN0IiwiaWF0IjoxNjY3MzkyNzczLCJleHAiOjE2Njg2ODg3NzN9.Jn_VneL03TNa54cNloR5ZgmyTHDkQjn5wZXYpdKNMuQ","username":"qaautht3@mitel.com","id":"a2f2ea99-65c9-4d4d-bc7d-8ae5191a3036","expiry":"3600"}
05:39:43.228 (31288:31288)      username: qaautht3@mitel.com
05:39:43.526 (31288: 4039) <<<CHttpRequestSenderImpl::RequestHelper - success, content "{"extension":"1204","loginId":"qaautht3@mitel.com","iss":"https://authentication.us-east-1.us.dev.api.mitel.io/connect","mobileVerified":"false","principalId":"a2f2ea99-65c9-4d4d-bc7d-8ae5191a3036","integrationLatency":0,"type":"user","authProvider":"connect","extensionVerified":"true","sipAddress":"a2f2ea99-65c9-4d4d-bc7d-8ae5191a3036@3f5db783-25b0-4cc0-a19a-1e5f22355144.us.dev.api.mitel.io","assumedRole":"ACCOUNT_ADMIN","exp":"1668688773","iat":"1667392773","email":"qaautht3@mitel.com","phoneVerified":"true","userId":"a2f2ea99-65c9-4d4d-bc7d-8ae5191a3036","uniqueUserId":"a2f2ea99-65c9-4d4d-bc7d-8ae5191a3036","accountId":"3f5db783-25b0-4cc0-a19a-1e5f22355144","aud":"https://mitel.io/auth/connect-client","emailVerified":"false","phone":"+14082011204","providerAccountId":"3f5db783-25b0-4cc0-a19a-1e5f22355144","domain":"3f5db783-25b0-4cc0-a19a-1e5f22355144.us.dev.api.mitel.io","name":"qa auth test user3","siteId":"58c4c6d6-a0ab-439e-bda4-f31f8c0653ce","partnerId":"991000002","sub":"a2f2ea99-65c9-4d4d-bc7d-8ae5191a3036","given_name":"qa auth test","family_name":"user3"}"
05:39:43.526 (31288: 4039) <<<CHttpRequestSenderImpl::MakeRequest, rsp "{"extension":"1204","loginId":"qaautht3@mitel.com","iss":"https://authentication.us-east-1.us.dev.api.mitel.io/connect","mobileVerified":"false","principalId":"a2f2ea99-65c9-4d4d-bc7d-8ae5191a3036","integrationLatency":0,"type":"user","authProvider":"connect","extensionVerified":"true","sipAddress":"a2f2ea99-65c9-4d4d-bc7d-8ae5191a3036@3f5db783-25b0-4cc0-a19a-1e5f22355144.us.dev.api.mitel.io","assumedRole":"ACCOUNT_ADMIN","exp":"1668688773","iat":"1667392773","email":"qaautht3@mitel.com","phoneVerified":"true","userId":"a2f2ea99-65c9-4d4d-bc7d-8ae5191a3036","uniqueUserId":"a2f2ea99-65c9-4d4d-bc7d-8ae5191a3036","accountId":"3f5db783-25b0-4cc0-a19a-1e5f22355144","aud":"https://mitel.io/auth/connect-client","emailVerified":"false","phone":"+14082011204","providerAccountId":"3f5db783-25b0-4cc0-a19a-1e5f22355144","domain":"3f5db783-25b0-4cc0-a19a-1e5f22355144.us.dev.api.mitel.io","name":"qa auth test user3","siteId":"58c4c6d6-a0ab-439e-bda4-f31f8c0653ce","partnerId":"991000002","sub":"a2f2ea99-65c9-4d4d-bc7d-8ae5191a3036","given_name":"qa auth test","family_name":"user3"}", status 200, extstatus 0
05:39:43.527 (31288: 4039) CSkyDBQueryImpl::DoQuery.SQLBindParameter(1), string "qaautht3@mitel.com"
05:39:43.539 (31288: 4039) Sign: '{"authUri":"https://clientstart.sit.shoretel.com/cloudlinkauth","keyId":1026,"algorithmId":2,"identity":{"username":"qaautht3@mitel.com","deployment":"cloud"},"created":"1667392783539","expiry":"1667396383539","renewBy":"1667396533539","credentialExpiry":0,"serviceLocator":"https://ws.qa.shoretel.com/test-uc/location"}'
05:39:43.541 (31288: 4039) /cloudlinkauth qaautht3@mitel.com: success
05:42:06.064 (31288:31288) request GetBody: {"token":"eyJhbGciOiJIUzI1NiIsInR5cCI6IkpXVCJ9.eyJzdWIiOiI5OTEwMDAwMDIvM2Y1ZGI3ODMtMjViMC00Y2MwLWExOWEtMWU1ZjIyMzU1MTQ0L2EyZjJlYTk5LTY1YzktNGQ0ZC1iYzdkLThhZTUxOTFhMzAzNiIsInNjb3BlIjoiYXNzdW1lZFJvbGU6QUNDT1VOVF9BRE1JTixwcm92aWRlckFjY291bnRJZDozZjVkYjc4My0yNWIwLTRjYzAtYTE5YS0xZTVmMjIzNTUxNDQsdmVyOjIsdHlwZTp1c2VyLGF1dGhQcm92aWRlcjpjb25uZWN0IiwiYXVkIjoiaHR0cHM6Ly9taXRlbC5pby9hdXRoL2Nvbm5lY3QtY2xpZW50IiwiaXNzIjoiaHR0cHM6Ly9hdXRoZW50aWNhdGlvbi51cy1lYXN0LTEudXMuZGV2LmFwaS5taXRlbC5pby9jb25uZWN0IiwiaWF0IjoxNjY3MzkyNzczLCJleHAiOjE2Njg2ODg3NzN9.Jn_VneL03TNa54cNloR5ZgmyTHDkQjn5wZXYpdKNMuQ","username":"qaautht3@mitel.com","id":"a2f2ea99-65c9-4d4d-bc7d-8ae5191a3036","expiry":"3600"}
05:42:06.064 (31288:31288)      username: qaautht3@mitel.com
05:42:06.358 (31288: 4039) <<<CHttpRequestSenderImpl::RequestHelper - success, content "{"extension":"1204","loginId":"qaautht3@mitel.com","iss":"https://authentication.us-east-1.us.dev.api.mitel.io/connect","mobileVerified":"false","principalId":"a2f2ea99-65c9-4d4d-bc7d-8ae5191a3036","integrationLatency":0,"type":"user","authProvider":"connect","extensionVerified":"true","sipAddress":"a2f2ea99-65c9-4d4d-bc7d-8ae5191a3036@3f5db783-25b0-4cc0-a19a-1e5f22355144.us.dev.api.mitel.io","assumedRole":"ACCOUNT_ADMIN","exp":"1668688773","iat":"1667392773","email":"qaautht3@mitel.com","phoneVerified":"true","userId":"a2f2ea99-65c9-4d4d-bc7d-8ae5191a3036","uniqueUserId":"a2f2ea99-65c9-4d4d-bc7d-8ae5191a3036","accountId":"3f5db783-25b0-4cc0-a19a-1e5f22355144","aud":"https://mitel.io/auth/connect-client","emailVerified":"false","phone":"+14082011204","providerAccountId":"3f5db783-25b0-4cc0-a19a-1e5f22355144","domain":"3f5db783-25b0-4cc0-a19a-1e5f22355144.us.dev.api.mitel.io","name":"qa auth test user3","siteId":"58c4c6d6-a0ab-439e-bda4-f31f8c0653ce","partnerId":"991000002","sub":"a2f2ea99-65c9-4d4d-bc7d-8ae5191a3036","given_name":"qa auth test","family_name":"user3"}"
05:42:06.358 (31288: 4039) <<<CHttpRequestSenderImpl::MakeRequest, rsp "{"extension":"1204","loginId":"qaautht3@mitel.com","iss":"https://authentication.us-east-1.us.dev.api.mitel.io/connect","mobileVerified":"false","principalId":"a2f2ea99-65c9-4d4d-bc7d-8ae5191a3036","integrationLatency":0,"type":"user","authProvider":"connect","extensionVerified":"true","sipAddress":"a2f2ea99-65c9-4d4d-bc7d-8ae5191a3036@3f5db783-25b0-4cc0-a19a-1e5f22355144.us.dev.api.mitel.io","assumedRole":"ACCOUNT_ADMIN","exp":"1668688773","iat":"1667392773","email":"qaautht3@mitel.com","phoneVerified":"true","userId":"a2f2ea99-65c9-4d4d-bc7d-8ae5191a3036","uniqueUserId":"a2f2ea99-65c9-4d4d-bc7d-8ae5191a3036","accountId":"3f5db783-25b0-4cc0-a19a-1e5f22355144","aud":"https://mitel.io/auth/connect-client","emailVerified":"false","phone":"+14082011204","providerAccountId":"3f5db783-25b0-4cc0-a19a-1e5f22355144","domain":"3f5db783-25b0-4cc0-a19a-1e5f22355144.us.dev.api.mitel.io","name":"qa auth test user3","siteId":"58c4c6d6-a0ab-439e-bda4-f31f8c0653ce","partnerId":"991000002","sub":"a2f2ea99-65c9-4d4d-bc7d-8ae5191a3036","given_name":"qa auth test","family_name":"user3"}", status 200, extstatus 0
05:42:06.358 (31288: 4039) CSkyDBQueryImpl::DoQuery.SQLBindParameter(1), string "qaautht3@mitel.com"
05:42:06.396 (31288: 4039) Sign: '{"authUri":"https://clientstart.sit.shoretel.com/cloudlinkauth","keyId":1026,"algorithmId":2,"identity":{"username":"qaautht3@mitel.com","deployment":"cloud"},"created":"1667392926396","expiry":"1667396526396","renewBy":"1667396676396","credentialExpiry":0,"serviceLocator":"https://ws.qa.shoretel.com/test-uc/location"}'
05:42:06.398 (31288: 4039) /cloudlinkauth qaautht3@mitel.com: success
05:42:20.124 (31288:31288) request GetBody: {"token":"eyJhbGciOiJIUzI1NiIsInR5cCI6IkpXVCJ9.eyJzdWIiOiI5OTEwMDAwMDIvM2Y1ZGI3ODMtMjViMC00Y2MwLWExOWEtMWU1ZjIyMzU1MTQ0L2EyZjJlYTk5LTY1YzktNGQ0ZC1iYzdkLThhZTUxOTFhMzAzNiIsInNjb3BlIjoiYXNzdW1lZFJvbGU6QUNDT1VOVF9BRE1JTixwcm92aWRlckFjY291bnRJZDozZjVkYjc4My0yNWIwLTRjYzAtYTE5YS0xZTVmMjIzNTUxNDQsdmVyOjIsdHlwZTp1c2VyLGF1dGhQcm92aWRlcjpjb25uZWN0IiwiYXVkIjoiaHR0cHM6Ly9taXRlbC5pby9hdXRoL2Nvbm5lY3QtY2xpZW50IiwiaXNzIjoiaHR0cHM6Ly9hdXRoZW50aWNhdGlvbi51cy1lYXN0LTEudXMuZGV2LmFwaS5taXRlbC5pby9jb25uZWN0IiwiaWF0IjoxNjY3MzkyOTI1LCJleHAiOjE2Njg2ODg5MjV9.q4pHxMfM00OogmlybVGTT5m8d9evQBrx5MFtTmb4mNY","username":"qaautht3@mitel.com","id":"a2f2ea99-65c9-4d4d-bc7d-8ae5191a3036","expiry":"3600"}
05:42:20.124 (31288:31288)      username: qaautht3@mitel.com
05:42:20.456 (31288: 4039) <<<CHttpRequestSenderImpl::RequestHelper - success, content "{"extension":"1204","loginId":"qaautht3@mitel.com","iss":"https://authentication.us-east-1.us.dev.api.mitel.io/connect","mobileVerified":"false","principalId":"a2f2ea99-65c9-4d4d-bc7d-8ae5191a3036","integrationLatency":0,"type":"user","authProvider":"connect","extensionVerified":"true","sipAddress":"a2f2ea99-65c9-4d4d-bc7d-8ae5191a3036@3f5db783-25b0-4cc0-a19a-1e5f22355144.us.dev.api.mitel.io","assumedRole":"ACCOUNT_ADMIN","exp":"1668688925","iat":"1667392925","email":"qaautht3@mitel.com","phoneVerified":"true","userId":"a2f2ea99-65c9-4d4d-bc7d-8ae5191a3036","uniqueUserId":"a2f2ea99-65c9-4d4d-bc7d-8ae5191a3036","accountId":"3f5db783-25b0-4cc0-a19a-1e5f22355144","aud":"https://mitel.io/auth/connect-client","emailVerified":"false","phone":"+14082011204","providerAccountId":"3f5db783-25b0-4cc0-a19a-1e5f22355144","domain":"3f5db783-25b0-4cc0-a19a-1e5f22355144.us.dev.api.mitel.io","name":"qa auth test user3","siteId":"58c4c6d6-a0ab-439e-bda4-f31f8c0653ce","partnerId":"991000002","sub":"a2f2ea99-65c9-4d4d-bc7d-8ae5191a3036","given_name":"qa auth test","family_name":"user3"}"
05:42:20.456 (31288: 4039) <<<CHttpRequestSenderImpl::MakeRequest, rsp "{"extension":"1204","loginId":"qaautht3@mitel.com","iss":"https://authentication.us-east-1.us.dev.api.mitel.io/connect","mobileVerified":"false","principalId":"a2f2ea99-65c9-4d4d-bc7d-8ae5191a3036","integrationLatency":0,"type":"user","authProvider":"connect","extensionVerified":"true","sipAddress":"a2f2ea99-65c9-4d4d-bc7d-8ae5191a3036@3f5db783-25b0-4cc0-a19a-1e5f22355144.us.dev.api.mitel.io","assumedRole":"ACCOUNT_ADMIN","exp":"1668688925","iat":"1667392925","email":"qaautht3@mitel.com","phoneVerified":"true","userId":"a2f2ea99-65c9-4d4d-bc7d-8ae5191a3036","uniqueUserId":"a2f2ea99-65c9-4d4d-bc7d-8ae5191a3036","accountId":"3f5db783-25b0-4cc0-a19a-1e5f22355144","aud":"https://mitel.io/auth/connect-client","emailVerified":"false","phone":"+14082011204","providerAccountId":"3f5db783-25b0-4cc0-a19a-1e5f22355144","domain":"3f5db783-25b0-4cc0-a19a-1e5f22355144.us.dev.api.mitel.io","name":"qa auth test user3","siteId":"58c4c6d6-a0ab-439e-bda4-f31f8c0653ce","partnerId":"991000002","sub":"a2f2ea99-65c9-4d4d-bc7d-8ae5191a3036","given_name":"qa auth test","family_name":"user3"}", status 200, extstatus 0
05:42:20.457 (31288: 4039) CSkyDBQueryImpl::DoQuery.SQLBindParameter(1), string "qaautht3@mitel.com"
05:42:20.466 (31288: 4039) Sign: '{"authUri":"https://clientstart.sit.shoretel.com/cloudlinkauth","keyId":1026,"algorithmId":2,"identity":{"username":"qaautht3@mitel.com","deployment":"cloud"},"created":"1667392940466","expiry":"1667396540466","renewBy":"1667396690466","credentialExpiry":0,"serviceLocator":"https://ws.qa.shoretel.com/test-uc/location"}'
05:42:20.468 (31288: 4039) /cloudlinkauth qaautht3@mitel.com: success
05:42:58.738 (31288:31288) Header: REQUEST_URI: "/shoreauth/authdata/users?username=qaautht3@mitel.com"
05:42:58.738 (31288:31288) Header: QUERY_STRING: "username=qaautht3@mitel.com"
05:42:58.738 (31288:31288) request GetFullUri: https://auth.sit.stsky.biz/authdata/users?username=qaautht3@mitel.com
05:42:58.738 (31288:31288) request GetUri: /authdata/users?username=qaautht3@mitel.com
05:42:58.738 (31288:31288)      username: qaautht3@mitel.com
05:42:58.738 (31288: 4039) DBAuthDataPerformer::HandleHttpRequest, uri "/authdata/users?username=qaautht3@mitel.com", pformat 2
05:42:58.739 (31288: 4039) CSkyDBQueryImpl::DoQuery.SQLBindParameter(1), string "qaautht3@mitel.com"
05:43:50.532 (31288:31288) request GetBody: {"token":"eyJhbGciOiJIUzI1NiIsInR5cCI6IkpXVCJ9.eyJzdWIiOiI5OTEwMDAwMDIvM2Y1ZGI3ODMtMjViMC00Y2MwLWExOWEtMWU1ZjIyMzU1MTQ0L2EyZjJlYTk5LTY1YzktNGQ0ZC1iYzdkLThhZTUxOTFhMzAzNiIsInNjb3BlIjoiYXNzdW1lZFJvbGU6QUNDT1VOVF9BRE1JTixwcm92aWRlckFjY291bnRJZDozZjVkYjc4My0yNWIwLTRjYzAtYTE5YS0xZTVmMjIzNTUxNDQsdmVyOjIsdHlwZTp1c2VyLGF1dGhQcm92aWRlcjpjb25uZWN0IiwiYXVkIjoiaHR0cHM6Ly9taXRlbC5pby9hdXRoL2Nvbm5lY3QtY2xpZW50IiwiaXNzIjoiaHR0cHM6Ly9hdXRoZW50aWNhdGlvbi51cy1lYXN0LTEudXMuZGV2LmFwaS5taXRlbC5pby9jb25uZWN0IiwiaWF0IjoxNjY3MzkyOTI1LCJleHAiOjE2Njg2ODg5MjV9.q4pHxMfM00OogmlybVGTT5m8d9evQBrx5MFtTmb4mNY","username":"qaautht3@mitel.com","id":"a2f2ea99-65c9-4d4d-bc7d-8ae5191a3036","expiry":"3600"}
05:43:50.532 (31288:31288)      username: qaautht3@mitel.com
05:43:50.843 (31288: 4039) <<<CHttpRequestSenderImpl::RequestHelper - success, content "{"extension":"1204","loginId":"qaautht3@mitel.com","iss":"https://authentication.us-east-1.us.dev.api.mitel.io/connect","mobileVerified":"false","principalId":"a2f2ea99-65c9-4d4d-bc7d-8ae5191a3036","integrationLatency":0,"type":"user","authProvider":"connect","extensionVerified":"true","sipAddress":"a2f2ea99-65c9-4d4d-bc7d-8ae5191a3036@3f5db783-25b0-4cc0-a19a-1e5f22355144.us.dev.api.mitel.io","assumedRole":"ACCOUNT_ADMIN","exp":"1668688925","iat":"1667392925","email":"qaautht3@mitel.com","phoneVerified":"true","userId":"a2f2ea99-65c9-4d4d-bc7d-8ae5191a3036","uniqueUserId":"a2f2ea99-65c9-4d4d-bc7d-8ae5191a3036","accountId":"3f5db783-25b0-4cc0-a19a-1e5f22355144","aud":"https://mitel.io/auth/connect-client","emailVerified":"false","phone":"+14082011204","providerAccountId":"3f5db783-25b0-4cc0-a19a-1e5f22355144","domain":"3f5db783-25b0-4cc0-a19a-1e5f22355144.us.dev.api.mitel.io","name":"qa auth test user3","siteId":"58c4c6d6-a0ab-439e-bda4-f31f8c0653ce","partnerId":"991000002","sub":"a2f2ea99-65c9-4d4d-bc7d-8ae5191a3036","given_name":"qa auth test","family_name":"user3"}"
05:43:50.843 (31288: 4039) <<<CHttpRequestSenderImpl::MakeRequest, rsp "{"extension":"1204","loginId":"qaautht3@mitel.com","iss":"https://authentication.us-east-1.us.dev.api.mitel.io/connect","mobileVerified":"false","principalId":"a2f2ea99-65c9-4d4d-bc7d-8ae5191a3036","integrationLatency":0,"type":"user","authProvider":"connect","extensionVerified":"true","sipAddress":"a2f2ea99-65c9-4d4d-bc7d-8ae5191a3036@3f5db783-25b0-4cc0-a19a-1e5f22355144.us.dev.api.mitel.io","assumedRole":"ACCOUNT_ADMIN","exp":"1668688925","iat":"1667392925","email":"qaautht3@mitel.com","phoneVerified":"true","userId":"a2f2ea99-65c9-4d4d-bc7d-8ae5191a3036","uniqueUserId":"a2f2ea99-65c9-4d4d-bc7d-8ae5191a3036","accountId":"3f5db783-25b0-4cc0-a19a-1e5f22355144","aud":"https://mitel.io/auth/connect-client","emailVerified":"false","phone":"+14082011204","providerAccountId":"3f5db783-25b0-4cc0-a19a-1e5f22355144","domain":"3f5db783-25b0-4cc0-a19a-1e5f22355144.us.dev.api.mitel.io","name":"qa auth test user3","siteId":"58c4c6d6-a0ab-439e-bda4-f31f8c0653ce","partnerId":"991000002","sub":"a2f2ea99-65c9-4d4d-bc7d-8ae5191a3036","given_name":"qa auth test","family_name":"user3"}", status 200, extstatus 0
05:43:50.843 (31288: 4039) CSkyDBQueryImpl::DoQuery.SQLBindParameter(1), string "qaautht3@mitel.com"
05:44:31.644 (31288:31288)      username: qaautht3@mitel.com
05:44:31.645 (31288: 4039) CSkyDBQueryImpl::DoQuery.SQLBindParameter(1), string "qaautht3@mitel.com"
05:44:31.738 (31288: 4039) QueryAuthValidator::ValidateUsernameAndPassword, un "qaautht3@mitel.com", pexp 0, valid 1
05:44:31.743 (31288: 4039) Sign: '{"authUri":"https://clientstart.sit.shoretel.com/userauth","keyId":1026,"algorithmId":2,"identity":{"username":"qaautht3@mitel.com","deployment":"cloud"},"created":"1667393071743","expiry":"1667396671743","renewBy":"1667396821743","serviceLocator":"https://ws.qa.shoretel.com/test-uc/location"}'
05:44:31.745 (31288: 4039) /userauth qaautht3@mitel.com: success
05:44:41.535 (31288:31288) request GetBody: {"token":"eyJhbGciOiJIUzI1NiIsInR5cCI6IkpXVCJ9.eyJzdWIiOiI5OTEwMDAwMDIvM2Y1ZGI3ODMtMjViMC00Y2MwLWExOWEtMWU1ZjIyMzU1MTQ0L2EyZjJlYTk5LTY1YzktNGQ0ZC1iYzdkLThhZTUxOTFhMzAzNiIsInNjb3BlIjoiYXNzdW1lZFJvbGU6QUNDT1VOVF9BRE1JTixwcm92aWRlckFjY291bnRJZDozZjVkYjc4My0yNWIwLTRjYzAtYTE5YS0xZTVmMjIzNTUxNDQsdmVyOjIsdHlwZTp1c2VyLGF1dGhQcm92aWRlcjpjb25uZWN0IiwiYXVkIjoiaHR0cHM6Ly9taXRlbC5pby9hdXRoL2Nvbm5lY3QtY2xpZW50IiwiaXNzIjoiaHR0cHM6Ly9hdXRoZW50aWNhdGlvbi51cy1lYXN0LTEudXMuZGV2LmFwaS5taXRlbC5pby9jb25uZWN0IiwiaWF0IjoxNjY3MzkzMDczLCJleHAiOjE2Njg2ODkwNzN9.VujP49mMcpQnDCr1__VgsivPhFbPw8jGIOHby5A5uBI","username":"qaautht3@mitel.com","id":"a2f2ea99-65c9-4d4d-bc7d-8ae5191a3036","expiry":"3600"}
05:44:41.535 (31288:31288)      username: qaautht3@mitel.com
05:44:41.866 (31288: 4039) <<<CHttpRequestSenderImpl::RequestHelper - success, content "{"extension":"1204","loginId":"qaautht3@mitel.com","iss":"https://authentication.us-east-1.us.dev.api.mitel.io/connect","mobileVerified":"false","principalId":"a2f2ea99-65c9-4d4d-bc7d-8ae5191a3036","integrationLatency":0,"type":"user","authProvider":"connect","extensionVerified":"true","sipAddress":"a2f2ea99-65c9-4d4d-bc7d-8ae5191a3036@3f5db783-25b0-4cc0-a19a-1e5f22355144.us.dev.api.mitel.io","assumedRole":"ACCOUNT_ADMIN","exp":"1668689073","iat":"1667393073","email":"qaautht3@mitel.com","phoneVerified":"true","userId":"a2f2ea99-65c9-4d4d-bc7d-8ae5191a3036","uniqueUserId":"a2f2ea99-65c9-4d4d-bc7d-8ae5191a3036","accountId":"3f5db783-25b0-4cc0-a19a-1e5f22355144","aud":"https://mitel.io/auth/connect-client","emailVerified":"false","phone":"+14082011204","providerAccountId":"3f5db783-25b0-4cc0-a19a-1e5f22355144","domain":"3f5db783-25b0-4cc0-a19a-1e5f22355144.us.dev.api.mitel.io","name":"qa auth test user3","siteId":"58c4c6d6-a0ab-439e-bda4-f31f8c0653ce","partnerId":"991000002","sub":"a2f2ea99-65c9-4d4d-bc7d-8ae5191a3036","given_name":"qa auth test","family_name":"user3"}"
05:44:41.866 (31288: 4039) <<<CHttpRequestSenderImpl::MakeRequest, rsp "{"extension":"1204","loginId":"qaautht3@mitel.com","iss":"https://authentication.us-east-1.us.dev.api.mitel.io/connect","mobileVerified":"false","principalId":"a2f2ea99-65c9-4d4d-bc7d-8ae5191a3036","integrationLatency":0,"type":"user","authProvider":"connect","extensionVerified":"true","sipAddress":"a2f2ea99-65c9-4d4d-bc7d-8ae5191a3036@3f5db783-25b0-4cc0-a19a-1e5f22355144.us.dev.api.mitel.io","assumedRole":"ACCOUNT_ADMIN","exp":"1668689073","iat":"1667393073","email":"qaautht3@mitel.com","phoneVerified":"true","userId":"a2f2ea99-65c9-4d4d-bc7d-8ae5191a3036","uniqueUserId":"a2f2ea99-65c9-4d4d-bc7d-8ae5191a3036","accountId":"3f5db783-25b0-4cc0-a19a-1e5f22355144","aud":"https://mitel.io/auth/connect-client","emailVerified":"false","phone":"+14082011204","providerAccountId":"3f5db783-25b0-4cc0-a19a-1e5f22355144","domain":"3f5db783-25b0-4cc0-a19a-1e5f22355144.us.dev.api.mitel.io","name":"qa auth test user3","siteId":"58c4c6d6-a0ab-439e-bda4-f31f8c0653ce","partnerId":"991000002","sub":"a2f2ea99-65c9-4d4d-bc7d-8ae5191a3036","given_name":"qa auth test","family_name":"user3"}", status 200, extstatus 0
05:44:41.866 (31288: 4039) CSkyDBQueryImpl::DoQuery.SQLBindParameter(1), string "qaautht3@mitel.com"
05:44:42.014 (31288: 4039) Sign: '{"authUri":"https://clientstart.sit.shoretel.com/cloudlinkauth","keyId":1026,"algorithmId":2,"identity":{"username":"qaautht3@mitel.com","deployment":"cloud"},"created":"1667393082014","expiry":"1667396682014","renewBy":"1667396832014","credentialExpiry":0,"serviceLocator":"https://ws.qa.shoretel.com/test-uc/location"}'
05:44:42.042 (31288: 4039) /cloudlinkauth qaautht3@mitel.com: success
05:45:48.020 (31288:31288)      username: qaautht2@mitel.com
05:45:48.020 (31288: 4039) CSkyDBQueryImpl::DoQuery.SQLBindParameter(1), string "qaautht2@mitel.com"
05:45:48.113 (31288: 4039) QueryAuthValidator::ValidateUsernameAndPassword, un "qaautht2@mitel.com", pexp 0, valid 1
05:45:48.114 (31288: 4039) Sign: '{"authUri":"https://clientstart.sit.shoretel.com/userauth","keyId":1026,"algorithmId":2,"identity":{"username":"qaautht2@mitel.com","deployment":"cloud"},"created":"1667393148114","expiry":"1667396748114","renewBy":"1667396898114","serviceLocator":"https://ws.qa.shoretel.com/test-uc/location"}'
05:45:48.115 (31288: 4039) /userauth qaautht2@mitel.com: success
05:46:59.832 (31288:31288)      username: qaautht3@mitel.com
05:46:59.833 (31288: 4039) CSkyDBQueryImpl::DoQuery.SQLBindParameter(1), string "qaautht3@mitel.com"
05:46:59.952 (31288: 4039) QueryAuthValidator::ValidateUsernameAndPassword, un "qaautht3@mitel.com", pexp 0, valid 1
05:46:59.956 (31288: 4039) Sign: '{"authUri":"https://clientstart.sit.shoretel.com/userauth","keyId":1026,"algorithmId":2,"identity":{"username":"qaautht3@mitel.com","deployment":"cloud"},"created":"1667393219956","expiry":"1667396819956","renewBy":"1667396969956","serviceLocator":"https://ws.qa.shoretel.com/test-uc/location"}'
05:46:59.957 (31288: 4039) /userauth qaautht3@mitel.com: success
05:47:09.818 (31288:31288) request GetBody: {"token":"eyJhbGciOiJIUzI1NiIsInR5cCI6IkpXVCJ9.eyJzdWIiOiI5OTEwMDAwMDIvM2Y1ZGI3ODMtMjViMC00Y2MwLWExOWEtMWU1ZjIyMzU1MTQ0L2EyZjJlYTk5LTY1YzktNGQ0ZC1iYzdkLThhZTUxOTFhMzAzNiIsInNjb3BlIjoiYXNzdW1lZFJvbGU6QUNDT1VOVF9BRE1JTixwcm92aWRlckFjY291bnRJZDozZjVkYjc4My0yNWIwLTRjYzAtYTE5YS0xZTVmMjIzNTUxNDQsdmVyOjIsdHlwZTp1c2VyLGF1dGhQcm92aWRlcjpjb25uZWN0IiwiYXVkIjoiaHR0cHM6Ly9taXRlbC5pby9hdXRoL2Nvbm5lY3QtY2xpZW50IiwiaXNzIjoiaHR0cHM6Ly9hdXRoZW50aWNhdGlvbi51cy1lYXN0LTEudXMuZGV2LmFwaS5taXRlbC5pby9jb25uZWN0IiwiaWF0IjoxNjY3MzkzMjIxLCJleHAiOjE2Njg2ODkyMjF9.0mCDjyBvzMTcP-wIgVW6LujIR9MwjggFIz_k-nE0UTs","username":"qaautht3@mitel.com","id":"a2f2ea99-65c9-4d4d-bc7d-8ae5191a3036","expiry":"3600"}
05:47:09.818 (31288:31288)      username: qaautht3@mitel.com
05:47:10.152 (31288: 4039) <<<CHttpRequestSenderImpl::RequestHelper - success, content "{"extension":"1204","loginId":"qaautht3@mitel.com","iss":"https://authentication.us-east-1.us.dev.api.mitel.io/connect","mobileVerified":"false","principalId":"a2f2ea99-65c9-4d4d-bc7d-8ae5191a3036","integrationLatency":0,"type":"user","authProvider":"connect","extensionVerified":"true","sipAddress":"a2f2ea99-65c9-4d4d-bc7d-8ae5191a3036@3f5db783-25b0-4cc0-a19a-1e5f22355144.us.dev.api.mitel.io","assumedRole":"ACCOUNT_ADMIN","exp":"1668689221","iat":"1667393221","email":"qaautht3@mitel.com","phoneVerified":"true","userId":"a2f2ea99-65c9-4d4d-bc7d-8ae5191a3036","uniqueUserId":"a2f2ea99-65c9-4d4d-bc7d-8ae5191a3036","accountId":"3f5db783-25b0-4cc0-a19a-1e5f22355144","aud":"https://mitel.io/auth/connect-client","emailVerified":"false","phone":"+14082011204","providerAccountId":"3f5db783-25b0-4cc0-a19a-1e5f22355144","domain":"3f5db783-25b0-4cc0-a19a-1e5f22355144.us.dev.api.mitel.io","name":"qa auth test user3","siteId":"58c4c6d6-a0ab-439e-bda4-f31f8c0653ce","partnerId":"991000002","sub":"a2f2ea99-65c9-4d4d-bc7d-8ae5191a3036","given_name":"qa auth test","family_name":"user3"}"
05:47:10.152 (31288: 4039) <<<CHttpRequestSenderImpl::MakeRequest, rsp "{"extension":"1204","loginId":"qaautht3@mitel.com","iss":"https://authentication.us-east-1.us.dev.api.mitel.io/connect","mobileVerified":"false","principalId":"a2f2ea99-65c9-4d4d-bc7d-8ae5191a3036","integrationLatency":0,"type":"user","authProvider":"connect","extensionVerified":"true","sipAddress":"a2f2ea99-65c9-4d4d-bc7d-8ae5191a3036@3f5db783-25b0-4cc0-a19a-1e5f22355144.us.dev.api.mitel.io","assumedRole":"ACCOUNT_ADMIN","exp":"1668689221","iat":"1667393221","email":"qaautht3@mitel.com","phoneVerified":"true","userId":"a2f2ea99-65c9-4d4d-bc7d-8ae5191a3036","uniqueUserId":"a2f2ea99-65c9-4d4d-bc7d-8ae5191a3036","accountId":"3f5db783-25b0-4cc0-a19a-1e5f22355144","aud":"https://mitel.io/auth/connect-client","emailVerified":"false","phone":"+14082011204","providerAccountId":"3f5db783-25b0-4cc0-a19a-1e5f22355144","domain":"3f5db783-25b0-4cc0-a19a-1e5f22355144.us.dev.api.mitel.io","name":"qa auth test user3","siteId":"58c4c6d6-a0ab-439e-bda4-f31f8c0653ce","partnerId":"991000002","sub":"a2f2ea99-65c9-4d4d-bc7d-8ae5191a3036","given_name":"qa auth test","family_name":"user3"}", status 200, extstatus 0
05:47:10.152 (31288: 4039) CSkyDBQueryImpl::DoQuery.SQLBindParameter(1), string "qaautht3@mitel.com"
05:47:10.184 (31288: 4039) Sign: '{"authUri":"https://clientstart.sit.shoretel.com/cloudlinkauth","keyId":1026,"algorithmId":2,"identity":{"username":"qaautht3@mitel.com","deployment":"cloud"},"created":"1667393230184","expiry":"1667396830184","renewBy":"1667396980184","credentialExpiry":0,"serviceLocator":"https://ws.qa.shoretel.com/test-uc/location"}'
05:47:10.199 (31288: 4039) /cloudlinkauth qaautht3@mitel.com: success
[admin@sv1auth01qav ~]$ tail -f /cf/shorelinedata/Logs/authenticator-221101.192707.Log | grep "qaauth"
tail: cannot open `/cf/shorelinedata/Logs/authenticator-221101.192707.Log' for reading: No such file or directory
tail: no files remaining
[admin@sv1auth01qav ~]$ tail -f /cf/shorelinedata/Logs/authenticator-221102.000000.Log | grep "qaauth"
04:12:49.373 (31288:31288)      username: qaautht3@mitel.com
04:12:49.374 (31288: 4039) CSkyDBQueryImpl::DoQuery.SQLBindParameter(1), string "qaautht3@mitel.com"
04:12:49.464 (31288: 4039) QueryAuthValidator::ValidateUsernameAndPassword, un "qaautht3@mitel.com", pexp 0, valid 1
04:12:49.465 (31288: 4039) Sign: '{"authUri":"https://clientstart.sit.shoretel.com/userauth","keyId":1026,"algorithmId":2,"identity":{"username":"qaautht3@mitel.com","deployment":"cloud"},"created":"1667387569465","expiry":"1667391169465","renewBy":"1667391319465","serviceLocator":"https://ws.qa.shoretel.com/test-uc/location"}'
04:12:49.466 (31288: 4039) /userauth qaautht3@mitel.com: success
04:15:31.708 (31288:31288) request GetBody: {"token":"eyJhbGciOiJIUzI1NiIsInR5cCI6IkpXVCJ9.eyJzdWIiOiI5OTEwMDAwMDIvM2Y1ZGI3ODMtMjViMC00Y2MwLWExOWEtMWU1ZjIyMzU1MTQ0L2EyZjJlYTk5LTY1YzktNGQ0ZC1iYzdkLThhZTUxOTFhMzAzNiIsInNjb3BlIjoiYXNzdW1lZFJvbGU6QUNDT1VOVF9BRE1JTixwcm92aWRlckFjY291bnRJZDozZjVkYjc4My0yNWIwLTRjYzAtYTE5YS0xZTVmMjIzNTUxNDQsdmVyOjIsdHlwZTp1c2VyLGF1dGhQcm92aWRlcjpjb25uZWN0IiwiYXVkIjoiaHR0cHM6Ly9taXRlbC5pby9hdXRoL2Nvbm5lY3QtY2xpZW50IiwiaXNzIjoiaHR0cHM6Ly9hdXRoZW50aWNhdGlvbi51cy1lYXN0LTEudXMuZGV2LmFwaS5taXRlbC5pby9jb25uZWN0IiwiaWF0IjoxNjY3Mzc0MzUxLCJleHAiOjE2Njg2NzAzNTF9.Fu9Rnq4kuKjvf1l1G5ROxI68Wd3XR-l1q0gss7DI8qk","username":"qaautht3@mitel.com","id":"a2f2ea99-65c9-4d4d-bc7d-8ae5191a3036","expiry":"3600"}
04:15:31.708 (31288:31288)      username: qaautht3@mitel.com
04:15:32.153 (31288: 4039) <<<CHttpRequestSenderImpl::RequestHelper - success, content "{"extension":"1204","loginId":"qaautht3@mitel.com","iss":"https://authentication.us-east-1.us.dev.api.mitel.io/connect","mobileVerified":"false","principalId":"a2f2ea99-65c9-4d4d-bc7d-8ae5191a3036","integrationLatency":0,"type":"user","authProvider":"connect","extensionVerified":"true","sipAddress":"a2f2ea99-65c9-4d4d-bc7d-8ae5191a3036@3f5db783-25b0-4cc0-a19a-1e5f22355144.us.dev.api.mitel.io","assumedRole":"ACCOUNT_ADMIN","exp":"1668670351","iat":"1667374351","email":"qaautht3@mitel.com","phoneVerified":"true","userId":"a2f2ea99-65c9-4d4d-bc7d-8ae5191a3036","uniqueUserId":"a2f2ea99-65c9-4d4d-bc7d-8ae5191a3036","accountId":"3f5db783-25b0-4cc0-a19a-1e5f22355144","aud":"https://mitel.io/auth/connect-client","emailVerified":"false","phone":"+14082011204","providerAccountId":"3f5db783-25b0-4cc0-a19a-1e5f22355144","domain":"3f5db783-25b0-4cc0-a19a-1e5f22355144.us.dev.api.mitel.io","name":"qa auth test user3","siteId":"58c4c6d6-a0ab-439e-bda4-f31f8c0653ce","partnerId":"991000002","sub":"a2f2ea99-65c9-4d4d-bc7d-8ae5191a3036","given_name":"qa auth test","family_name":"user3"}"
04:15:32.153 (31288: 4039) <<<CHttpRequestSenderImpl::MakeRequest, rsp "{"extension":"1204","loginId":"qaautht3@mitel.com","iss":"https://authentication.us-east-1.us.dev.api.mitel.io/connect","mobileVerified":"false","principalId":"a2f2ea99-65c9-4d4d-bc7d-8ae5191a3036","integrationLatency":0,"type":"user","authProvider":"connect","extensionVerified":"true","sipAddress":"a2f2ea99-65c9-4d4d-bc7d-8ae5191a3036@3f5db783-25b0-4cc0-a19a-1e5f22355144.us.dev.api.mitel.io","assumedRole":"ACCOUNT_ADMIN","exp":"1668670351","iat":"1667374351","email":"qaautht3@mitel.com","phoneVerified":"true","userId":"a2f2ea99-65c9-4d4d-bc7d-8ae5191a3036","uniqueUserId":"a2f2ea99-65c9-4d4d-bc7d-8ae5191a3036","accountId":"3f5db783-25b0-4cc0-a19a-1e5f22355144","aud":"https://mitel.io/auth/connect-client","emailVerified":"false","phone":"+14082011204","providerAccountId":"3f5db783-25b0-4cc0-a19a-1e5f22355144","domain":"3f5db783-25b0-4cc0-a19a-1e5f22355144.us.dev.api.mitel.io","name":"qa auth test user3","siteId":"58c4c6d6-a0ab-439e-bda4-f31f8c0653ce","partnerId":"991000002","sub":"a2f2ea99-65c9-4d4d-bc7d-8ae5191a3036","given_name":"q